<?xml version="1.0" encoding="utf-8" standalone="yes"?>
<rss version="2.0" xmlns:atom="http://www.w3.org/2005/Atom">
  <channel>
    <title>golden on Otoxs| Foody Recipes </title>
    <link>http://foodyrecipes2.netlify.app/tags/golden/</link>
    <description>Recent content in golden on Otoxs| Foody Recipes </description>
    <generator>Hugo -- gohugo.io</generator>
    <language>en-us</language>
    <lastBuildDate>Sun, 24 May 2020 08:06:15 +0000</lastBuildDate><atom:link href="http://foodyrecipes2.netlify.app/tags/golden/index.xml" rel="self" type="application/rss+xml" />
    <item>
      <title>Resep Golden Pumpkin Pie Recipe yang Lezat Sekali</title>
      <link>http://foodyrecipes2.netlify.app/214-resep-golden-pumpkin-pie-recipe-yang-lezat-sekali/</link>
      <pubDate>Sun, 24 May 2020 08:06:15 +0000</pubDate>
      
      <guid>http://foodyrecipes2.netlify.app/214-resep-golden-pumpkin-pie-recipe-yang-lezat-sekali/</guid>
      <description>Lagi mencari inspirasi resep golden pumpkin pie recipe yang unik? Cara membuatnya memang susah-susah gampang. Jika salah mengolah maka hasilnya tidak akan memuaskan dan justru cenderung tidak enak. Padahal golden pumpkin pie recipe yang enak harusnya sih memiliki aroma dan cita rasa yang bisa memancing selera kita.
This is the only pumpkin pie recipe I&#39;ve ever used. It&#39;s been in the family for at least sixty years! Since, in our family, one pie is never enough, I like to triple.</description>
    </item>
    
  </channel>
</rss>
